CRITICAL - 2025-05-12 09:53:21 --> ErrorException: Trying to access array offset on value of type null
[Method: GET, Route: orden/imprimir_solicitud_aprobada/79]
in APPPATH/Controllers/Orden.php on line 18.
 1 APPPATH/Controllers/Orden.php(18): CodeIgniter\Debug\Exceptions->errorHandler(2, 'Trying to access array offset on value of type null', '/home2/usoabumg/public_html/oruro.site/app/Controllers/Orden.php', 18)
 2 SYSTEMPATH/CodeIgniter.php(903): App\Controllers\Orden->__construct()
 3 SYSTEMPATH/CodeIgniter.php(500): CodeIgniter\CodeIgniter->createController()
 4 SYSTEMPATH/CodeIgniter.php(355): CodeIgniter\CodeIgniter->handleRequest(null, Object(Config\Cache), false)
 5 SYSTEMPATH/Boot.php(325): CodeIgniter\CodeIgniter->run()
 6 SYSTEMPATH/Boot.php(67): CodeIgniter\Boot::runCodeIgniter(Object(CodeIgniter\CodeIgniter))
 7 FCPATH/index.php(56): CodeIgniter\Boot::bootWeb(Object(Config\Paths))
CRITICAL - 2025-05-12 09:58:11 --> ErrorException: Trying to access array offset on value of type null
[Method: GET, Route: reporte/catalogo_usuario]
in APPPATH/Controllers/Reporte.php on line 15.
 1 APPPATH/Controllers/Reporte.php(15): CodeIgniter\Debug\Exceptions->errorHandler(2, 'Trying to access array offset on value of type null', '/home2/usoabumg/public_html/oruro.site/app/Controllers/Reporte.php', 15)
 2 SYSTEMPATH/CodeIgniter.php(903): App\Controllers\Reporte->__construct()
 3 SYSTEMPATH/CodeIgniter.php(500): CodeIgniter\CodeIgniter->createController()
 4 SYSTEMPATH/CodeIgniter.php(355): CodeIgniter\CodeIgniter->handleRequest(null, Object(Config\Cache), false)
 5 SYSTEMPATH/Boot.php(325): CodeIgniter\CodeIgniter->run()
 6 SYSTEMPATH/Boot.php(67): CodeIgniter\Boot::runCodeIgniter(Object(CodeIgniter\CodeIgniter))
 7 FCPATH/index.php(56): CodeIgniter\Boot::bootWeb(Object(Config\Paths))
CRITICAL - 2025-05-12 11:06:39 --> ErrorException: Trying to access array offset on value of type null
[Method: GET, Route: orden]
in APPPATH/Controllers/Orden.php on line 18.
 1 APPPATH/Controllers/Orden.php(18): CodeIgniter\Debug\Exceptions->errorHandler(2, 'Trying to access array offset on value of type null', '/home2/usoabumg/public_html/oruro.site/app/Controllers/Orden.php', 18)
 2 SYSTEMPATH/CodeIgniter.php(903): App\Controllers\Orden->__construct()
 3 SYSTEMPATH/CodeIgniter.php(500): CodeIgniter\CodeIgniter->createController()
 4 SYSTEMPATH/CodeIgniter.php(355): CodeIgniter\CodeIgniter->handleRequest(null, Object(Config\Cache), false)
 5 SYSTEMPATH/Boot.php(325): CodeIgniter\CodeIgniter->run()
 6 SYSTEMPATH/Boot.php(67): CodeIgniter\Boot::runCodeIgniter(Object(CodeIgniter\CodeIgniter))
 7 FCPATH/index.php(56): CodeIgniter\Boot::bootWeb(Object(Config\Paths))
CRITICAL - 2025-05-12 11:06:42 --> ErrorException: Trying to access array offset on value of type null
[Method: GET, Route: orden]
in APPPATH/Controllers/Orden.php on line 18.
 1 APPPATH/Controllers/Orden.php(18): CodeIgniter\Debug\Exceptions->errorHandler(2, 'Trying to access array offset on value of type null', '/home2/usoabumg/public_html/oruro.site/app/Controllers/Orden.php', 18)
 2 SYSTEMPATH/CodeIgniter.php(903): App\Controllers\Orden->__construct()
 3 SYSTEMPATH/CodeIgniter.php(500): CodeIgniter\CodeIgniter->createController()
 4 SYSTEMPATH/CodeIgniter.php(355): CodeIgniter\CodeIgniter->handleRequest(null, Object(Config\Cache), false)
 5 SYSTEMPATH/Boot.php(325): CodeIgniter\CodeIgniter->run()
 6 SYSTEMPATH/Boot.php(67): CodeIgniter\Boot::runCodeIgniter(Object(CodeIgniter\CodeIgniter))
 7 FCPATH/index.php(56): CodeIgniter\Boot::bootWeb(Object(Config\Paths))
CRITICAL - 2025-05-12 11:12:25 --> ErrorException: Trying to access array offset on value of type null
[Method: GET, Route: bodega/gestionarBodega/2]
in APPPATH/Controllers/Bodega.php on line 11.
 1 APPPATH/Controllers/Bodega.php(11): CodeIgniter\Debug\Exceptions->errorHandler(2, 'Trying to access array offset on value of type null', '/home2/usoabumg/public_html/oruro.site/app/Controllers/Bodega.php', 11)
 2 SYSTEMPATH/CodeIgniter.php(903): App\Controllers\Bodega->__construct()
 3 SYSTEMPATH/CodeIgniter.php(500): CodeIgniter\CodeIgniter->createController()
 4 SYSTEMPATH/CodeIgniter.php(355): CodeIgniter\CodeIgniter->handleRequest(null, Object(Config\Cache), false)
 5 SYSTEMPATH/Boot.php(325): CodeIgniter\CodeIgniter->run()
 6 SYSTEMPATH/Boot.php(67): CodeIgniter\Boot::runCodeIgniter(Object(CodeIgniter\CodeIgniter))
 7 FCPATH/index.php(56): CodeIgniter\Boot::bootWeb(Object(Config\Paths))
ERROR - 2025-05-12 12:20:04 --> Error connecting to the database: ErrorException: mysqli::real_connect(): Error while reading greeting packet. PID=4625 in /home2/usoabumg/public_html/oruro.site/system/Database/MySQLi/Connection.php:187
Stack trace:
#0 [internal function]: CodeIgniter\Debug\Exceptions->errorHandler(2, 'mysqli::real_co...', '/home2/usoabumg...', 187)
#1 /home2/usoabumg/public_html/oruro.site/system/Database/MySQLi/Connection.php(187): mysqli->real_connect('localhost', 'usoabumg_gador_...', 'T@8^v7Xfc-1K', 'usoabumg_gador_...', 3306, '', 0)
#2 /home2/usoabumg/public_html/oruro.site/system/Database/BaseConnection.php(421): CodeIgniter\Database\MySQLi\Connection->connect(false)
#3 /home2/usoabumg/public_html/oruro.site/system/Database/BaseConnection.php(614): CodeIgniter\Database\BaseConnection->initialize()
#4 /home2/usoabumg/public_html/oruro.site/system/Database/BaseBuilder.php(1637): CodeIgniter\Database\BaseConnection->query('SELECT *\nFROM `...', Array, false)
#5 /home2/usoabumg/public_html/oruro.site/system/Model.php(286): CodeIgniter\Database\BaseBuilder->get()
#6 /home2/usoabumg/public_html/oruro.site/system/BaseModel.php(676): CodeIgniter\Model->doFindAll(0, 0)
#7 /home2/usoabumg/public_html/oruro.site/app/Models/ItemsOrdenModel.php(33): CodeIgniter\BaseModel->findAll()
#8 /home2/usoabumg/public_html/oruro.site/app/Controllers/ItemsOrden.php(83): App\Models\ItemsOrdenModel->verificaDuplicidad('175', '54')
#9 /home2/usoabumg/public_html/oruro.site/system/CodeIgniter.php(933): App\Controllers\ItemsOrden->addProducto()
#10 /home2/usoabumg/public_html/oruro.site/system/CodeIgniter.php(509): CodeIgniter\CodeIgniter->runController(Object(App\Controllers\ItemsOrden))
#11 /home2/usoabumg/public_html/oruro.site/system/CodeIgniter.php(355): CodeIgniter\CodeIgniter->handleRequest(NULL, Object(Config\Cache), false)
#12 /home2/usoabumg/public_html/oruro.site/system/Boot.php(325): CodeIgniter\CodeIgniter->run()
#13 /home2/usoabumg/public_html/oruro.site/system/Boot.php(67): CodeIgniter\Boot::runCodeIgniter(Object(CodeIgniter\CodeIgniter))
#14 /home2/usoabumg/public_html/oruro.site/public/index.php(56): CodeIgniter\Boot::bootWeb(Object(Config\Paths))
#15 {main}

Next mysqli_sql_exception: MySQL server has gone away in /home2/usoabumg/public_html/oruro.site/system/Database/MySQLi/Connection.php:187
Stack trace:
#0 /home2/usoabumg/public_html/oruro.site/system/Database/MySQLi/Connection.php(187): mysqli->real_connect('localhost', 'usoabumg_gador_...', 'T@8^v7Xfc-1K', 'usoabumg_gador_...', 3306, '', 0)
#1 /home2/usoabumg/public_html/oruro.site/system/Database/BaseConnection.php(421): CodeIgniter\Database\MySQLi\Connection->connect(false)
#2 /home2/usoabumg/public_html/oruro.site/system/Database/BaseConnection.php(614): CodeIgniter\Database\BaseConnection->initialize()
#3 /home2/usoabumg/public_html/oruro.site/system/Database/BaseBuilder.php(1637): CodeIgniter\Database\BaseConnection->query('SELECT *\nFROM `...', Array, false)
#4 /home2/usoabumg/public_html/oruro.site/system/Model.php(286): CodeIgniter\Database\BaseBuilder->get()
#5 /home2/usoabumg/public_html/oruro.site/system/BaseModel.php(676): CodeIgniter\Model->doFindAll(0, 0)
#6 /home2/usoabumg/public_html/oruro.site/app/Models/ItemsOrdenModel.php(33): CodeIgniter\BaseModel->findAll()
#7 /home2/usoabumg/public_html/oruro.site/app/Controllers/ItemsOrden.php(83): App\Models\ItemsOrdenModel->verificaDuplicidad('175', '54')
#8 /home2/usoabumg/public_html/oruro.site/system/CodeIgniter.php(933): App\Controllers\ItemsOrden->addProducto()
#9 /home2/usoabumg/public_html/oruro.site/system/CodeIgniter.php(509): CodeIgniter\CodeIgniter->runController(Object(App\Controllers\ItemsOrden))
#10 /home2/usoabumg/public_html/oruro.site/system/CodeIgniter.php(355): CodeIgniter\CodeIgniter->handleRequest(NULL, Object(Config\Cache), false)
#11 /home2/usoabumg/public_html/oruro.site/system/Boot.php(325): CodeIgniter\CodeIgniter->run()
#12 /home2/usoabumg/public_html/oruro.site/system/Boot.php(67): CodeIgniter\Boot::runCodeIgniter(Object(CodeIgniter\CodeIgniter))
#13 /home2/usoabumg/public_html/oruro.site/public/index.php(56): CodeIgniter\Boot::bootWeb(Object(Config\Paths))
#14 {main}

Next CodeIgniter\Database\Exceptions\DatabaseException: MySQL server has gone away in /home2/usoabumg/public_html/oruro.site/system/Database/MySQLi/Connection.php:231
Stack trace:
#0 /home2/usoabumg/public_html/oruro.site/system/Database/BaseConnection.php(421): CodeIgniter\Database\MySQLi\Connection->connect(false)
#1 /home2/usoabumg/public_html/oruro.site/system/Database/BaseConnection.php(614): CodeIgniter\Database\BaseConnection->initialize()
#2 /home2/usoabumg/public_html/oruro.site/system/Database/BaseBuilder.php(1637): CodeIgniter\Database\BaseConnection->query('SELECT *\nFROM `...', Array, false)
#3 /home2/usoabumg/public_html/oruro.site/system/Model.php(286): CodeIgniter\Database\BaseBuilder->get()
#4 /home2/usoabumg/public_html/oruro.site/system/BaseModel.php(676): CodeIgniter\Model->doFindAll(0, 0)
#5 /home2/usoabumg/public_html/oruro.site/app/Models/ItemsOrdenModel.php(33): CodeIgniter\BaseModel->findAll()
#6 /home2/usoabumg/public_html/oruro.site/app/Controllers/ItemsOrden.php(83): App\Models\ItemsOrdenModel->verificaDuplicidad('175', '54')
#7 /home2/usoabumg/public_html/oruro.site/system/CodeIgniter.php(933): App\Controllers\ItemsOrden->addProducto()
#8 /home2/usoabumg/public_html/oruro.site/system/CodeIgniter.php(509): CodeIgniter\CodeIgniter->runController(Object(App\Controllers\ItemsOrden))
#9 /home2/usoabumg/public_html/oruro.site/system/CodeIgniter.php(355): CodeIgniter\CodeIgniter->handleRequest(NULL, Object(Config\Cache), false)
#10 /home2/usoabumg/public_html/oruro.site/system/Boot.php(325): CodeIgniter\CodeIgniter->run()
#11 /home2/usoabumg/public_html/oruro.site/system/Boot.php(67): CodeIgniter\Boot::runCodeIgniter(Object(CodeIgniter\CodeIgniter))
#12 /home2/usoabumg/public_html/oruro.site/public/index.php(56): CodeIgniter\Boot::bootWeb(Object(Config\Paths))
#13 {main}
CRITICAL - 2025-05-12 12:20:04 --> CodeIgniter\Database\Exceptions\DatabaseException: Unable to connect to the database.
Main connection [MySQLi]: MySQL server has gone away
[Method: POST, Route: items_orden_cargar/add_producto]
in SYSTEMPATH/Database/BaseConnection.php on line 467.
 1 SYSTEMPATH/Database/BaseConnection.php(614): CodeIgniter\Database\BaseConnection->initialize()
 2 SYSTEMPATH/Database/BaseBuilder.php(1637): CodeIgniter\Database\BaseConnection->query('SELECT *
FROM `items_orden`
WHERE `id_orden` = :id_orden:
AND `id_producto` = :id_producto:', [...], false)
 3 SYSTEMPATH/Model.php(286): CodeIgniter\Database\BaseBuilder->get()
 4 SYSTEMPATH/BaseModel.php(676): CodeIgniter\Model->doFindAll(0, 0)
 5 APPPATH/Models/ItemsOrdenModel.php(33): CodeIgniter\BaseModel->findAll()
 6 APPPATH/Controllers/ItemsOrden.php(83): App\Models\ItemsOrdenModel->verificaDuplicidad('175', '54')
 7 SYSTEMPATH/CodeIgniter.php(933): App\Controllers\ItemsOrden->addProducto()
 8 SYSTEMPATH/CodeIgniter.php(509): CodeIgniter\CodeIgniter->runController(Object(App\Controllers\ItemsOrden))
 9 SYSTEMPATH/CodeIgniter.php(355): CodeIgniter\CodeIgniter->handleRequest(null, Object(Config\Cache), false)
10 SYSTEMPATH/Boot.php(325): CodeIgniter\CodeIgniter->run()
11 SYSTEMPATH/Boot.php(67): CodeIgniter\Boot::runCodeIgniter(Object(CodeIgniter\CodeIgniter))
12 FCPATH/index.php(56): CodeIgniter\Boot::bootWeb(Object(Config\Paths))
ERROR - 2025-05-12 12:20:05 --> Error connecting to the database: mysqli_sql_exception: Connection refused in /home2/usoabumg/public_html/oruro.site/system/Database/MySQLi/Connection.php:187
Stack trace:
#0 /home2/usoabumg/public_html/oruro.site/system/Database/MySQLi/Connection.php(187): mysqli->real_connect('localhost', 'usoabumg_gador_...', 'T@8^v7Xfc-1K', 'usoabumg_gador_...', 3306, '', 0)
#1 /home2/usoabumg/public_html/oruro.site/system/Database/BaseConnection.php(421): CodeIgniter\Database\MySQLi\Connection->connect(false)
#2 /home2/usoabumg/public_html/oruro.site/system/Database/BaseConnection.php(614): CodeIgniter\Database\BaseConnection->initialize()
#3 /home2/usoabumg/public_html/oruro.site/system/Database/BaseBuilder.php(1637): CodeIgniter\Database\BaseConnection->query('SELECT *\nFROM `...', Array, false)
#4 /home2/usoabumg/public_html/oruro.site/system/Model.php(286): CodeIgniter\Database\BaseBuilder->get()
#5 /home2/usoabumg/public_html/oruro.site/system/BaseModel.php(676): CodeIgniter\Model->doFindAll(0, 0)
#6 /home2/usoabumg/public_html/oruro.site/app/Models/ItemsOrdenModel.php(33): CodeIgniter\BaseModel->findAll()
#7 /home2/usoabumg/public_html/oruro.site/app/Controllers/ItemsOrden.php(83): App\Models\ItemsOrdenModel->verificaDuplicidad('175', '54')
#8 /home2/usoabumg/public_html/oruro.site/system/CodeIgniter.php(933): App\Controllers\ItemsOrden->addProducto()
#9 /home2/usoabumg/public_html/oruro.site/system/CodeIgniter.php(509): CodeIgniter\CodeIgniter->runController(Object(App\Controllers\ItemsOrden))
#10 /home2/usoabumg/public_html/oruro.site/system/CodeIgniter.php(355): CodeIgniter\CodeIgniter->handleRequest(NULL, Object(Config\Cache), false)
#11 /home2/usoabumg/public_html/oruro.site/system/Boot.php(325): CodeIgniter\CodeIgniter->run()
#12 /home2/usoabumg/public_html/oruro.site/system/Boot.php(67): CodeIgniter\Boot::runCodeIgniter(Object(CodeIgniter\CodeIgniter))
#13 /home2/usoabumg/public_html/oruro.site/public/index.php(56): CodeIgniter\Boot::bootWeb(Object(Config\Paths))
#14 {main}

Next CodeIgniter\Database\Exceptions\DatabaseException: Connection refused in /home2/usoabumg/public_html/oruro.site/system/Database/MySQLi/Connection.php:231
Stack trace:
#0 /home2/usoabumg/public_html/oruro.site/system/Database/BaseConnection.php(421): CodeIgniter\Database\MySQLi\Connection->connect(false)
#1 /home2/usoabumg/public_html/oruro.site/system/Database/BaseConnection.php(614): CodeIgniter\Database\BaseConnection->initialize()
#2 /home2/usoabumg/public_html/oruro.site/system/Database/BaseBuilder.php(1637): CodeIgniter\Database\BaseConnection->query('SELECT *\nFROM `...', Array, false)
#3 /home2/usoabumg/public_html/oruro.site/system/Model.php(286): CodeIgniter\Database\BaseBuilder->get()
#4 /home2/usoabumg/public_html/oruro.site/system/BaseModel.php(676): CodeIgniter\Model->doFindAll(0, 0)
#5 /home2/usoabumg/public_html/oruro.site/app/Models/ItemsOrdenModel.php(33): CodeIgniter\BaseModel->findAll()
#6 /home2/usoabumg/public_html/oruro.site/app/Controllers/ItemsOrden.php(83): App\Models\ItemsOrdenModel->verificaDuplicidad('175', '54')
#7 /home2/usoabumg/public_html/oruro.site/system/CodeIgniter.php(933): App\Controllers\ItemsOrden->addProducto()
#8 /home2/usoabumg/public_html/oruro.site/system/CodeIgniter.php(509): CodeIgniter\CodeIgniter->runController(Object(App\Controllers\ItemsOrden))
#9 /home2/usoabumg/public_html/oruro.site/system/CodeIgniter.php(355): CodeIgniter\CodeIgniter->handleRequest(NULL, Object(Config\Cache), false)
#10 /home2/usoabumg/public_html/oruro.site/system/Boot.php(325): CodeIgniter\CodeIgniter->run()
#11 /home2/usoabumg/public_html/oruro.site/system/Boot.php(67): CodeIgniter\Boot::runCodeIgniter(Object(CodeIgniter\CodeIgniter))
#12 /home2/usoabumg/public_html/oruro.site/public/index.php(56): CodeIgniter\Boot::bootWeb(Object(Config\Paths))
#13 {main}
CRITICAL - 2025-05-12 12:20:05 --> CodeIgniter\Database\Exceptions\DatabaseException: Unable to connect to the database.
Main connection [MySQLi]: Connection refused
[Method: POST, Route: items_orden_cargar/add_producto]
in SYSTEMPATH/Database/BaseConnection.php on line 467.
 1 SYSTEMPATH/Database/BaseConnection.php(614): CodeIgniter\Database\BaseConnection->initialize()
 2 SYSTEMPATH/Database/BaseBuilder.php(1637): CodeIgniter\Database\BaseConnection->query('SELECT *
FROM `items_orden`
WHERE `id_orden` = :id_orden:
AND `id_producto` = :id_producto:', [...], false)
 3 SYSTEMPATH/Model.php(286): CodeIgniter\Database\BaseBuilder->get()
 4 SYSTEMPATH/BaseModel.php(676): CodeIgniter\Model->doFindAll(0, 0)
 5 APPPATH/Models/ItemsOrdenModel.php(33): CodeIgniter\BaseModel->findAll()
 6 APPPATH/Controllers/ItemsOrden.php(83): App\Models\ItemsOrdenModel->verificaDuplicidad('175', '54')
 7 SYSTEMPATH/CodeIgniter.php(933): App\Controllers\ItemsOrden->addProducto()
 8 SYSTEMPATH/CodeIgniter.php(509): CodeIgniter\CodeIgniter->runController(Object(App\Controllers\ItemsOrden))
 9 SYSTEMPATH/CodeIgniter.php(355): CodeIgniter\CodeIgniter->handleRequest(null, Object(Config\Cache), false)
10 SYSTEMPATH/Boot.php(325): CodeIgniter\CodeIgniter->run()
11 SYSTEMPATH/Boot.php(67): CodeIgniter\Boot::runCodeIgniter(Object(CodeIgniter\CodeIgniter))
12 FCPATH/index.php(56): CodeIgniter\Boot::bootWeb(Object(Config\Paths))
ERROR - 2025-05-12 12:20:05 --> Error connecting to the database: mysqli_sql_exception: Connection refused in /home2/usoabumg/public_html/oruro.site/system/Database/MySQLi/Connection.php:187
Stack trace:
#0 /home2/usoabumg/public_html/oruro.site/system/Database/MySQLi/Connection.php(187): mysqli->real_connect('localhost', 'usoabumg_gador_...', 'T@8^v7Xfc-1K', 'usoabumg_gador_...', 3306, '', 0)
#1 /home2/usoabumg/public_html/oruro.site/system/Database/BaseConnection.php(421): CodeIgniter\Database\MySQLi\Connection->connect(false)
#2 /home2/usoabumg/public_html/oruro.site/system/Database/BaseConnection.php(614): CodeIgniter\Database\BaseConnection->initialize()
#3 /home2/usoabumg/public_html/oruro.site/system/Database/BaseBuilder.php(1637): CodeIgniter\Database\BaseConnection->query('SELECT *\nFROM `...', Array, false)
#4 /home2/usoabumg/public_html/oruro.site/system/Model.php(286): CodeIgniter\Database\BaseBuilder->get()
#5 /home2/usoabumg/public_html/oruro.site/system/BaseModel.php(676): CodeIgniter\Model->doFindAll(0, 0)
#6 /home2/usoabumg/public_html/oruro.site/app/Models/ItemsOrdenModel.php(33): CodeIgniter\BaseModel->findAll()
#7 /home2/usoabumg/public_html/oruro.site/app/Controllers/ItemsOrden.php(83): App\Models\ItemsOrdenModel->verificaDuplicidad('175', '54')
#8 /home2/usoabumg/public_html/oruro.site/system/CodeIgniter.php(933): App\Controllers\ItemsOrden->addProducto()
#9 /home2/usoabumg/public_html/oruro.site/system/CodeIgniter.php(509): CodeIgniter\CodeIgniter->runController(Object(App\Controllers\ItemsOrden))
#10 /home2/usoabumg/public_html/oruro.site/system/CodeIgniter.php(355): CodeIgniter\CodeIgniter->handleRequest(NULL, Object(Config\Cache), false)
#11 /home2/usoabumg/public_html/oruro.site/system/Boot.php(325): CodeIgniter\CodeIgniter->run()
#12 /home2/usoabumg/public_html/oruro.site/system/Boot.php(67): CodeIgniter\Boot::runCodeIgniter(Object(CodeIgniter\CodeIgniter))
#13 /home2/usoabumg/public_html/oruro.site/public/index.php(56): CodeIgniter\Boot::bootWeb(Object(Config\Paths))
#14 {main}

Next CodeIgniter\Database\Exceptions\DatabaseException: Connection refused in /home2/usoabumg/public_html/oruro.site/system/Database/MySQLi/Connection.php:231
Stack trace:
#0 /home2/usoabumg/public_html/oruro.site/system/Database/BaseConnection.php(421): CodeIgniter\Database\MySQLi\Connection->connect(false)
#1 /home2/usoabumg/public_html/oruro.site/system/Database/BaseConnection.php(614): CodeIgniter\Database\BaseConnection->initialize()
#2 /home2/usoabumg/public_html/oruro.site/system/Database/BaseBuilder.php(1637): CodeIgniter\Database\BaseConnection->query('SELECT *\nFROM `...', Array, false)
#3 /home2/usoabumg/public_html/oruro.site/system/Model.php(286): CodeIgniter\Database\BaseBuilder->get()
#4 /home2/usoabumg/public_html/oruro.site/system/BaseModel.php(676): CodeIgniter\Model->doFindAll(0, 0)
#5 /home2/usoabumg/public_html/oruro.site/app/Models/ItemsOrdenModel.php(33): CodeIgniter\BaseModel->findAll()
#6 /home2/usoabumg/public_html/oruro.site/app/Controllers/ItemsOrden.php(83): App\Models\ItemsOrdenModel->verificaDuplicidad('175', '54')
#7 /home2/usoabumg/public_html/oruro.site/system/CodeIgniter.php(933): App\Controllers\ItemsOrden->addProducto()
#8 /home2/usoabumg/public_html/oruro.site/system/CodeIgniter.php(509): CodeIgniter\CodeIgniter->runController(Object(App\Controllers\ItemsOrden))
#9 /home2/usoabumg/public_html/oruro.site/system/CodeIgniter.php(355): CodeIgniter\CodeIgniter->handleRequest(NULL, Object(Config\Cache), false)
#10 /home2/usoabumg/public_html/oruro.site/system/Boot.php(325): CodeIgniter\CodeIgniter->run()
#11 /home2/usoabumg/public_html/oruro.site/system/Boot.php(67): CodeIgniter\Boot::runCodeIgniter(Object(CodeIgniter\CodeIgniter))
#12 /home2/usoabumg/public_html/oruro.site/public/index.php(56): CodeIgniter\Boot::bootWeb(Object(Config\Paths))
#13 {main}
CRITICAL - 2025-05-12 12:20:05 --> CodeIgniter\Database\Exceptions\DatabaseException: Unable to connect to the database.
Main connection [MySQLi]: Connection refused
[Method: POST, Route: items_orden_cargar/add_producto]
in SYSTEMPATH/Database/BaseConnection.php on line 467.
 1 SYSTEMPATH/Database/BaseConnection.php(614): CodeIgniter\Database\BaseConnection->initialize()
 2 SYSTEMPATH/Database/BaseBuilder.php(1637): CodeIgniter\Database\BaseConnection->query('SELECT *
FROM `items_orden`
WHERE `id_orden` = :id_orden:
AND `id_producto` = :id_producto:', [...], false)
 3 SYSTEMPATH/Model.php(286): CodeIgniter\Database\BaseBuilder->get()
 4 SYSTEMPATH/BaseModel.php(676): CodeIgniter\Model->doFindAll(0, 0)
 5 APPPATH/Models/ItemsOrdenModel.php(33): CodeIgniter\BaseModel->findAll()
 6 APPPATH/Controllers/ItemsOrden.php(83): App\Models\ItemsOrdenModel->verificaDuplicidad('175', '54')
 7 SYSTEMPATH/CodeIgniter.php(933): App\Controllers\ItemsOrden->addProducto()
 8 SYSTEMPATH/CodeIgniter.php(509): CodeIgniter\CodeIgniter->runController(Object(App\Controllers\ItemsOrden))
 9 SYSTEMPATH/CodeIgniter.php(355): CodeIgniter\CodeIgniter->handleRequest(null, Object(Config\Cache), false)
10 SYSTEMPATH/Boot.php(325): CodeIgniter\CodeIgniter->run()
11 SYSTEMPATH/Boot.php(67): CodeIgniter\Boot::runCodeIgniter(Object(CodeIgniter\CodeIgniter))
12 FCPATH/index.php(56): CodeIgniter\Boot::bootWeb(Object(Config\Paths))
ERROR - 2025-05-12 12:20:06 --> Error connecting to the database: mysqli_sql_exception: Connection refused in /home2/usoabumg/public_html/oruro.site/system/Database/MySQLi/Connection.php:187
Stack trace:
#0 /home2/usoabumg/public_html/oruro.site/system/Database/MySQLi/Connection.php(187): mysqli->real_connect('localhost', 'usoabumg_gador_...', 'T@8^v7Xfc-1K', 'usoabumg_gador_...', 3306, '', 0)
#1 /home2/usoabumg/public_html/oruro.site/system/Database/BaseConnection.php(421): CodeIgniter\Database\MySQLi\Connection->connect(false)
#2 /home2/usoabumg/public_html/oruro.site/system/Database/BaseConnection.php(614): CodeIgniter\Database\BaseConnection->initialize()
#3 /home2/usoabumg/public_html/oruro.site/system/Database/BaseBuilder.php(1637): CodeIgniter\Database\BaseConnection->query('SELECT *\nFROM `...', Array, false)
#4 /home2/usoabumg/public_html/oruro.site/system/Model.php(286): CodeIgniter\Database\BaseBuilder->get()
#5 /home2/usoabumg/public_html/oruro.site/system/BaseModel.php(676): CodeIgniter\Model->doFindAll(0, 0)
#6 /home2/usoabumg/public_html/oruro.site/app/Models/ItemsOrdenModel.php(33): CodeIgniter\BaseModel->findAll()
#7 /home2/usoabumg/public_html/oruro.site/app/Controllers/ItemsOrden.php(83): App\Models\ItemsOrdenModel->verificaDuplicidad('175', '54')
#8 /home2/usoabumg/public_html/oruro.site/system/CodeIgniter.php(933): App\Controllers\ItemsOrden->addProducto()
#9 /home2/usoabumg/public_html/oruro.site/system/CodeIgniter.php(509): CodeIgniter\CodeIgniter->runController(Object(App\Controllers\ItemsOrden))
#10 /home2/usoabumg/public_html/oruro.site/system/CodeIgniter.php(355): CodeIgniter\CodeIgniter->handleRequest(NULL, Object(Config\Cache), false)
#11 /home2/usoabumg/public_html/oruro.site/system/Boot.php(325): CodeIgniter\CodeIgniter->run()
#12 /home2/usoabumg/public_html/oruro.site/system/Boot.php(67): CodeIgniter\Boot::runCodeIgniter(Object(CodeIgniter\CodeIgniter))
#13 /home2/usoabumg/public_html/oruro.site/public/index.php(56): CodeIgniter\Boot::bootWeb(Object(Config\Paths))
#14 {main}

Next CodeIgniter\Database\Exceptions\DatabaseException: Connection refused in /home2/usoabumg/public_html/oruro.site/system/Database/MySQLi/Connection.php:231
Stack trace:
#0 /home2/usoabumg/public_html/oruro.site/system/Database/BaseConnection.php(421): CodeIgniter\Database\MySQLi\Connection->connect(false)
#1 /home2/usoabumg/public_html/oruro.site/system/Database/BaseConnection.php(614): CodeIgniter\Database\BaseConnection->initialize()
#2 /home2/usoabumg/public_html/oruro.site/system/Database/BaseBuilder.php(1637): CodeIgniter\Database\BaseConnection->query('SELECT *\nFROM `...', Array, false)
#3 /home2/usoabumg/public_html/oruro.site/system/Model.php(286): CodeIgniter\Database\BaseBuilder->get()
#4 /home2/usoabumg/public_html/oruro.site/system/BaseModel.php(676): CodeIgniter\Model->doFindAll(0, 0)
#5 /home2/usoabumg/public_html/oruro.site/app/Models/ItemsOrdenModel.php(33): CodeIgniter\BaseModel->findAll()
#6 /home2/usoabumg/public_html/oruro.site/app/Controllers/ItemsOrden.php(83): App\Models\ItemsOrdenModel->verificaDuplicidad('175', '54')
#7 /home2/usoabumg/public_html/oruro.site/system/CodeIgniter.php(933): App\Controllers\ItemsOrden->addProducto()
#8 /home2/usoabumg/public_html/oruro.site/system/CodeIgniter.php(509): CodeIgniter\CodeIgniter->runController(Object(App\Controllers\ItemsOrden))
#9 /home2/usoabumg/public_html/oruro.site/system/CodeIgniter.php(355): CodeIgniter\CodeIgniter->handleRequest(NULL, Object(Config\Cache), false)
#10 /home2/usoabumg/public_html/oruro.site/system/Boot.php(325): CodeIgniter\CodeIgniter->run()
#11 /home2/usoabumg/public_html/oruro.site/system/Boot.php(67): CodeIgniter\Boot::runCodeIgniter(Object(CodeIgniter\CodeIgniter))
#12 /home2/usoabumg/public_html/oruro.site/public/index.php(56): CodeIgniter\Boot::bootWeb(Object(Config\Paths))
#13 {main}
CRITICAL - 2025-05-12 12:20:06 --> CodeIgniter\Database\Exceptions\DatabaseException: Unable to connect to the database.
Main connection [MySQLi]: Connection refused
[Method: POST, Route: items_orden_cargar/add_producto]
in SYSTEMPATH/Database/BaseConnection.php on line 467.
 1 SYSTEMPATH/Database/BaseConnection.php(614): CodeIgniter\Database\BaseConnection->initialize()
 2 SYSTEMPATH/Database/BaseBuilder.php(1637): CodeIgniter\Database\BaseConnection->query('SELECT *
FROM `items_orden`
WHERE `id_orden` = :id_orden:
AND `id_producto` = :id_producto:', [...], false)
 3 SYSTEMPATH/Model.php(286): CodeIgniter\Database\BaseBuilder->get()
 4 SYSTEMPATH/BaseModel.php(676): CodeIgniter\Model->doFindAll(0, 0)
 5 APPPATH/Models/ItemsOrdenModel.php(33): CodeIgniter\BaseModel->findAll()
 6 APPPATH/Controllers/ItemsOrden.php(83): App\Models\ItemsOrdenModel->verificaDuplicidad('175', '54')
 7 SYSTEMPATH/CodeIgniter.php(933): App\Controllers\ItemsOrden->addProducto()
 8 SYSTEMPATH/CodeIgniter.php(509): CodeIgniter\CodeIgniter->runController(Object(App\Controllers\ItemsOrden))
 9 SYSTEMPATH/CodeIgniter.php(355): CodeIgniter\CodeIgniter->handleRequest(null, Object(Config\Cache), false)
10 SYSTEMPATH/Boot.php(325): CodeIgniter\CodeIgniter->run()
11 SYSTEMPATH/Boot.php(67): CodeIgniter\Boot::runCodeIgniter(Object(CodeIgniter\CodeIgniter))
12 FCPATH/index.php(56): CodeIgniter\Boot::bootWeb(Object(Config\Paths))
ERROR - 2025-05-12 12:20:06 --> Error connecting to the database: mysqli_sql_exception: Connection refused in /home2/usoabumg/public_html/oruro.site/system/Database/MySQLi/Connection.php:187
Stack trace:
#0 /home2/usoabumg/public_html/oruro.site/system/Database/MySQLi/Connection.php(187): mysqli->real_connect('localhost', 'usoabumg_gador_...', 'T@8^v7Xfc-1K', 'usoabumg_gador_...', 3306, '', 0)
#1 /home2/usoabumg/public_html/oruro.site/system/Database/BaseConnection.php(421): CodeIgniter\Database\MySQLi\Connection->connect(false)
#2 /home2/usoabumg/public_html/oruro.site/system/Database/BaseConnection.php(614): CodeIgniter\Database\BaseConnection->initialize()
#3 /home2/usoabumg/public_html/oruro.site/system/Database/BaseBuilder.php(1637): CodeIgniter\Database\BaseConnection->query('SELECT *\nFROM `...', Array, false)
#4 /home2/usoabumg/public_html/oruro.site/system/Model.php(286): CodeIgniter\Database\BaseBuilder->get()
#5 /home2/usoabumg/public_html/oruro.site/system/BaseModel.php(676): CodeIgniter\Model->doFindAll(0, 0)
#6 /home2/usoabumg/public_html/oruro.site/app/Models/ItemsOrdenModel.php(33): CodeIgniter\BaseModel->findAll()
#7 /home2/usoabumg/public_html/oruro.site/app/Controllers/ItemsOrden.php(83): App\Models\ItemsOrdenModel->verificaDuplicidad('175', '54')
#8 /home2/usoabumg/public_html/oruro.site/system/CodeIgniter.php(933): App\Controllers\ItemsOrden->addProducto()
#9 /home2/usoabumg/public_html/oruro.site/system/CodeIgniter.php(509): CodeIgniter\CodeIgniter->runController(Object(App\Controllers\ItemsOrden))
#10 /home2/usoabumg/public_html/oruro.site/system/CodeIgniter.php(355): CodeIgniter\CodeIgniter->handleRequest(NULL, Object(Config\Cache), false)
#11 /home2/usoabumg/public_html/oruro.site/system/Boot.php(325): CodeIgniter\CodeIgniter->run()
#12 /home2/usoabumg/public_html/oruro.site/system/Boot.php(67): CodeIgniter\Boot::runCodeIgniter(Object(CodeIgniter\CodeIgniter))
#13 /home2/usoabumg/public_html/oruro.site/public/index.php(56): CodeIgniter\Boot::bootWeb(Object(Config\Paths))
#14 {main}

Next CodeIgniter\Database\Exceptions\DatabaseException: Connection refused in /home2/usoabumg/public_html/oruro.site/system/Database/MySQLi/Connection.php:231
Stack trace:
#0 /home2/usoabumg/public_html/oruro.site/system/Database/BaseConnection.php(421): CodeIgniter\Database\MySQLi\Connection->connect(false)
#1 /home2/usoabumg/public_html/oruro.site/system/Database/BaseConnection.php(614): CodeIgniter\Database\BaseConnection->initialize()
#2 /home2/usoabumg/public_html/oruro.site/system/Database/BaseBuilder.php(1637): CodeIgniter\Database\BaseConnection->query('SELECT *\nFROM `...', Array, false)
#3 /home2/usoabumg/public_html/oruro.site/system/Model.php(286): CodeIgniter\Database\BaseBuilder->get()
#4 /home2/usoabumg/public_html/oruro.site/system/BaseModel.php(676): CodeIgniter\Model->doFindAll(0, 0)
#5 /home2/usoabumg/public_html/oruro.site/app/Models/ItemsOrdenModel.php(33): CodeIgniter\BaseModel->findAll()
#6 /home2/usoabumg/public_html/oruro.site/app/Controllers/ItemsOrden.php(83): App\Models\ItemsOrdenModel->verificaDuplicidad('175', '54')
#7 /home2/usoabumg/public_html/oruro.site/system/CodeIgniter.php(933): App\Controllers\ItemsOrden->addProducto()
#8 /home2/usoabumg/public_html/oruro.site/system/CodeIgniter.php(509): CodeIgniter\CodeIgniter->runController(Object(App\Controllers\ItemsOrden))
#9 /home2/usoabumg/public_html/oruro.site/system/CodeIgniter.php(355): CodeIgniter\CodeIgniter->handleRequest(NULL, Object(Config\Cache), false)
#10 /home2/usoabumg/public_html/oruro.site/system/Boot.php(325): CodeIgniter\CodeIgniter->run()
#11 /home2/usoabumg/public_html/oruro.site/system/Boot.php(67): CodeIgniter\Boot::runCodeIgniter(Object(CodeIgniter\CodeIgniter))
#12 /home2/usoabumg/public_html/oruro.site/public/index.php(56): CodeIgniter\Boot::bootWeb(Object(Config\Paths))
#13 {main}
CRITICAL - 2025-05-12 12:20:06 --> CodeIgniter\Database\Exceptions\DatabaseException: Unable to connect to the database.
Main connection [MySQLi]: Connection refused
[Method: POST, Route: items_orden_cargar/add_producto]
in SYSTEMPATH/Database/BaseConnection.php on line 467.
 1 SYSTEMPATH/Database/BaseConnection.php(614): CodeIgniter\Database\BaseConnection->initialize()
 2 SYSTEMPATH/Database/BaseBuilder.php(1637): CodeIgniter\Database\BaseConnection->query('SELECT *
FROM `items_orden`
WHERE `id_orden` = :id_orden:
AND `id_producto` = :id_producto:', [...], false)
 3 SYSTEMPATH/Model.php(286): CodeIgniter\Database\BaseBuilder->get()
 4 SYSTEMPATH/BaseModel.php(676): CodeIgniter\Model->doFindAll(0, 0)
 5 APPPATH/Models/ItemsOrdenModel.php(33): CodeIgniter\BaseModel->findAll()
 6 APPPATH/Controllers/ItemsOrden.php(83): App\Models\ItemsOrdenModel->verificaDuplicidad('175', '54')
 7 SYSTEMPATH/CodeIgniter.php(933): App\Controllers\ItemsOrden->addProducto()
 8 SYSTEMPATH/CodeIgniter.php(509): CodeIgniter\CodeIgniter->runController(Object(App\Controllers\ItemsOrden))
 9 SYSTEMPATH/CodeIgniter.php(355): CodeIgniter\CodeIgniter->handleRequest(null, Object(Config\Cache), false)
10 SYSTEMPATH/Boot.php(325): CodeIgniter\CodeIgniter->run()
11 SYSTEMPATH/Boot.php(67): CodeIgniter\Boot::runCodeIgniter(Object(CodeIgniter\CodeIgniter))
12 FCPATH/index.php(56): CodeIgniter\Boot::bootWeb(Object(Config\Paths))
ERROR - 2025-05-12 12:20:06 --> Error connecting to the database: mysqli_sql_exception: Connection refused in /home2/usoabumg/public_html/oruro.site/system/Database/MySQLi/Connection.php:187
Stack trace:
#0 /home2/usoabumg/public_html/oruro.site/system/Database/MySQLi/Connection.php(187): mysqli->real_connect('localhost', 'usoabumg_gador_...', 'T@8^v7Xfc-1K', 'usoabumg_gador_...', 3306, '', 0)
#1 /home2/usoabumg/public_html/oruro.site/system/Database/BaseConnection.php(421): CodeIgniter\Database\MySQLi\Connection->connect(false)
#2 /home2/usoabumg/public_html/oruro.site/system/Database/BaseConnection.php(614): CodeIgniter\Database\BaseConnection->initialize()
#3 /home2/usoabumg/public_html/oruro.site/system/Database/BaseBuilder.php(1637): CodeIgniter\Database\BaseConnection->query('SELECT *\nFROM `...', Array, false)
#4 /home2/usoabumg/public_html/oruro.site/system/Model.php(286): CodeIgniter\Database\BaseBuilder->get()
#5 /home2/usoabumg/public_html/oruro.site/system/BaseModel.php(676): CodeIgniter\Model->doFindAll(0, 0)
#6 /home2/usoabumg/public_html/oruro.site/app/Models/ItemsOrdenModel.php(33): CodeIgniter\BaseModel->findAll()
#7 /home2/usoabumg/public_html/oruro.site/app/Controllers/ItemsOrden.php(83): App\Models\ItemsOrdenModel->verificaDuplicidad('175', '54')
#8 /home2/usoabumg/public_html/oruro.site/system/CodeIgniter.php(933): App\Controllers\ItemsOrden->addProducto()
#9 /home2/usoabumg/public_html/oruro.site/system/CodeIgniter.php(509): CodeIgniter\CodeIgniter->runController(Object(App\Controllers\ItemsOrden))
#10 /home2/usoabumg/public_html/oruro.site/system/CodeIgniter.php(355): CodeIgniter\CodeIgniter->handleRequest(NULL, Object(Config\Cache), false)
#11 /home2/usoabumg/public_html/oruro.site/system/Boot.php(325): CodeIgniter\CodeIgniter->run()
#12 /home2/usoabumg/public_html/oruro.site/system/Boot.php(67): CodeIgniter\Boot::runCodeIgniter(Object(CodeIgniter\CodeIgniter))
#13 /home2/usoabumg/public_html/oruro.site/public/index.php(56): CodeIgniter\Boot::bootWeb(Object(Config\Paths))
#14 {main}

Next CodeIgniter\Database\Exceptions\DatabaseException: Connection refused in /home2/usoabumg/public_html/oruro.site/system/Database/MySQLi/Connection.php:231
Stack trace:
#0 /home2/usoabumg/public_html/oruro.site/system/Database/BaseConnection.php(421): CodeIgniter\Database\MySQLi\Connection->connect(false)
#1 /home2/usoabumg/public_html/oruro.site/system/Database/BaseConnection.php(614): CodeIgniter\Database\BaseConnection->initialize()
#2 /home2/usoabumg/public_html/oruro.site/system/Database/BaseBuilder.php(1637): CodeIgniter\Database\BaseConnection->query('SELECT *\nFROM `...', Array, false)
#3 /home2/usoabumg/public_html/oruro.site/system/Model.php(286): CodeIgniter\Database\BaseBuilder->get()
#4 /home2/usoabumg/public_html/oruro.site/system/BaseModel.php(676): CodeIgniter\Model->doFindAll(0, 0)
#5 /home2/usoabumg/public_html/oruro.site/app/Models/ItemsOrdenModel.php(33): CodeIgniter\BaseModel->findAll()
#6 /home2/usoabumg/public_html/oruro.site/app/Controllers/ItemsOrden.php(83): App\Models\ItemsOrdenModel->verificaDuplicidad('175', '54')
#7 /home2/usoabumg/public_html/oruro.site/system/CodeIgniter.php(933): App\Controllers\ItemsOrden->addProducto()
#8 /home2/usoabumg/public_html/oruro.site/system/CodeIgniter.php(509): CodeIgniter\CodeIgniter->runController(Object(App\Controllers\ItemsOrden))
#9 /home2/usoabumg/public_html/oruro.site/system/CodeIgniter.php(355): CodeIgniter\CodeIgniter->handleRequest(NULL, Object(Config\Cache), false)
#10 /home2/usoabumg/public_html/oruro.site/system/Boot.php(325): CodeIgniter\CodeIgniter->run()
#11 /home2/usoabumg/public_html/oruro.site/system/Boot.php(67): CodeIgniter\Boot::runCodeIgniter(Object(CodeIgniter\CodeIgniter))
#12 /home2/usoabumg/public_html/oruro.site/public/index.php(56): CodeIgniter\Boot::bootWeb(Object(Config\Paths))
#13 {main}
CRITICAL - 2025-05-12 12:20:06 --> CodeIgniter\Database\Exceptions\DatabaseException: Unable to connect to the database.
Main connection [MySQLi]: Connection refused
[Method: POST, Route: items_orden_cargar/add_producto]
in SYSTEMPATH/Database/BaseConnection.php on line 467.
 1 SYSTEMPATH/Database/BaseConnection.php(614): CodeIgniter\Database\BaseConnection->initialize()
 2 SYSTEMPATH/Database/BaseBuilder.php(1637): CodeIgniter\Database\BaseConnection->query('SELECT *
FROM `items_orden`
WHERE `id_orden` = :id_orden:
AND `id_producto` = :id_producto:', [...], false)
 3 SYSTEMPATH/Model.php(286): CodeIgniter\Database\BaseBuilder->get()
 4 SYSTEMPATH/BaseModel.php(676): CodeIgniter\Model->doFindAll(0, 0)
 5 APPPATH/Models/ItemsOrdenModel.php(33): CodeIgniter\BaseModel->findAll()
 6 APPPATH/Controllers/ItemsOrden.php(83): App\Models\ItemsOrdenModel->verificaDuplicidad('175', '54')
 7 SYSTEMPATH/CodeIgniter.php(933): App\Controllers\ItemsOrden->addProducto()
 8 SYSTEMPATH/CodeIgniter.php(509): CodeIgniter\CodeIgniter->runController(Object(App\Controllers\ItemsOrden))
 9 SYSTEMPATH/CodeIgniter.php(355): CodeIgniter\CodeIgniter->handleRequest(null, Object(Config\Cache), false)
10 SYSTEMPATH/Boot.php(325): CodeIgniter\CodeIgniter->run()
11 SYSTEMPATH/Boot.php(67): CodeIgniter\Boot::runCodeIgniter(Object(CodeIgniter\CodeIgniter))
12 FCPATH/index.php(56): CodeIgniter\Boot::bootWeb(Object(Config\Paths))
ERROR - 2025-05-12 12:20:06 --> Error connecting to the database: mysqli_sql_exception: Connection refused in /home2/usoabumg/public_html/oruro.site/system/Database/MySQLi/Connection.php:187
Stack trace:
#0 /home2/usoabumg/public_html/oruro.site/system/Database/MySQLi/Connection.php(187): mysqli->real_connect('localhost', 'usoabumg_gador_...', 'T@8^v7Xfc-1K', 'usoabumg_gador_...', 3306, '', 0)
#1 /home2/usoabumg/public_html/oruro.site/system/Database/BaseConnection.php(421): CodeIgniter\Database\MySQLi\Connection->connect(false)
#2 /home2/usoabumg/public_html/oruro.site/system/Database/BaseConnection.php(614): CodeIgniter\Database\BaseConnection->initialize()
#3 /home2/usoabumg/public_html/oruro.site/system/Database/BaseBuilder.php(1637): CodeIgniter\Database\BaseConnection->query('SELECT *\nFROM `...', Array, false)
#4 /home2/usoabumg/public_html/oruro.site/system/Model.php(286): CodeIgniter\Database\BaseBuilder->get()
#5 /home2/usoabumg/public_html/oruro.site/system/BaseModel.php(676): CodeIgniter\Model->doFindAll(0, 0)
#6 /home2/usoabumg/public_html/oruro.site/app/Models/ItemsOrdenModel.php(33): CodeIgniter\BaseModel->findAll()
#7 /home2/usoabumg/public_html/oruro.site/app/Controllers/ItemsOrden.php(83): App\Models\ItemsOrdenModel->verificaDuplicidad('175', '54')
#8 /home2/usoabumg/public_html/oruro.site/system/CodeIgniter.php(933): App\Controllers\ItemsOrden->addProducto()
#9 /home2/usoabumg/public_html/oruro.site/system/CodeIgniter.php(509): CodeIgniter\CodeIgniter->runController(Object(App\Controllers\ItemsOrden))
#10 /home2/usoabumg/public_html/oruro.site/system/CodeIgniter.php(355): CodeIgniter\CodeIgniter->handleRequest(NULL, Object(Config\Cache), false)
#11 /home2/usoabumg/public_html/oruro.site/system/Boot.php(325): CodeIgniter\CodeIgniter->run()
#12 /home2/usoabumg/public_html/oruro.site/system/Boot.php(67): CodeIgniter\Boot::runCodeIgniter(Object(CodeIgniter\CodeIgniter))
#13 /home2/usoabumg/public_html/oruro.site/public/index.php(56): CodeIgniter\Boot::bootWeb(Object(Config\Paths))
#14 {main}

Next CodeIgniter\Database\Exceptions\DatabaseException: Connection refused in /home2/usoabumg/public_html/oruro.site/system/Database/MySQLi/Connection.php:231
Stack trace:
#0 /home2/usoabumg/public_html/oruro.site/system/Database/BaseConnection.php(421): CodeIgniter\Database\MySQLi\Connection->connect(false)
#1 /home2/usoabumg/public_html/oruro.site/system/Database/BaseConnection.php(614): CodeIgniter\Database\BaseConnection->initialize()
#2 /home2/usoabumg/public_html/oruro.site/system/Database/BaseBuilder.php(1637): CodeIgniter\Database\BaseConnection->query('SELECT *\nFROM `...', Array, false)
#3 /home2/usoabumg/public_html/oruro.site/system/Model.php(286): CodeIgniter\Database\BaseBuilder->get()
#4 /home2/usoabumg/public_html/oruro.site/system/BaseModel.php(676): CodeIgniter\Model->doFindAll(0, 0)
#5 /home2/usoabumg/public_html/oruro.site/app/Models/ItemsOrdenModel.php(33): CodeIgniter\BaseModel->findAll()
#6 /home2/usoabumg/public_html/oruro.site/app/Controllers/ItemsOrden.php(83): App\Models\ItemsOrdenModel->verificaDuplicidad('175', '54')
#7 /home2/usoabumg/public_html/oruro.site/system/CodeIgniter.php(933): App\Controllers\ItemsOrden->addProducto()
#8 /home2/usoabumg/public_html/oruro.site/system/CodeIgniter.php(509): CodeIgniter\CodeIgniter->runController(Object(App\Controllers\ItemsOrden))
#9 /home2/usoabumg/public_html/oruro.site/system/CodeIgniter.php(355): CodeIgniter\CodeIgniter->handleRequest(NULL, Object(Config\Cache), false)
#10 /home2/usoabumg/public_html/oruro.site/system/Boot.php(325): CodeIgniter\CodeIgniter->run()
#11 /home2/usoabumg/public_html/oruro.site/system/Boot.php(67): CodeIgniter\Boot::runCodeIgniter(Object(CodeIgniter\CodeIgniter))
#12 /home2/usoabumg/public_html/oruro.site/public/index.php(56): CodeIgniter\Boot::bootWeb(Object(Config\Paths))
#13 {main}
CRITICAL - 2025-05-12 12:20:06 --> CodeIgniter\Database\Exceptions\DatabaseException: Unable to connect to the database.
Main connection [MySQLi]: Connection refused
[Method: POST, Route: items_orden_cargar/add_producto]
in SYSTEMPATH/Database/BaseConnection.php on line 467.
 1 SYSTEMPATH/Database/BaseConnection.php(614): CodeIgniter\Database\BaseConnection->initialize()
 2 SYSTEMPATH/Database/BaseBuilder.php(1637): CodeIgniter\Database\BaseConnection->query('SELECT *
FROM `items_orden`
WHERE `id_orden` = :id_orden:
AND `id_producto` = :id_producto:', [...], false)
 3 SYSTEMPATH/Model.php(286): CodeIgniter\Database\BaseBuilder->get()
 4 SYSTEMPATH/BaseModel.php(676): CodeIgniter\Model->doFindAll(0, 0)
 5 APPPATH/Models/ItemsOrdenModel.php(33): CodeIgniter\BaseModel->findAll()
 6 APPPATH/Controllers/ItemsOrden.php(83): App\Models\ItemsOrdenModel->verificaDuplicidad('175', '54')
 7 SYSTEMPATH/CodeIgniter.php(933): App\Controllers\ItemsOrden->addProducto()
 8 SYSTEMPATH/CodeIgniter.php(509): CodeIgniter\CodeIgniter->runController(Object(App\Controllers\ItemsOrden))
 9 SYSTEMPATH/CodeIgniter.php(355): CodeIgniter\CodeIgniter->handleRequest(null, Object(Config\Cache), false)
10 SYSTEMPATH/Boot.php(325): CodeIgniter\CodeIgniter->run()
11 SYSTEMPATH/Boot.php(67): CodeIgniter\Boot::runCodeIgniter(Object(CodeIgniter\CodeIgniter))
12 FCPATH/index.php(56): CodeIgniter\Boot::bootWeb(Object(Config\Paths))
ERROR - 2025-05-12 12:20:06 --> Error connecting to the database: mysqli_sql_exception: Connection refused in /home2/usoabumg/public_html/oruro.site/system/Database/MySQLi/Connection.php:187
Stack trace:
#0 /home2/usoabumg/public_html/oruro.site/system/Database/MySQLi/Connection.php(187): mysqli->real_connect('localhost', 'usoabumg_gador_...', 'T@8^v7Xfc-1K', 'usoabumg_gador_...', 3306, '', 0)
#1 /home2/usoabumg/public_html/oruro.site/system/Database/BaseConnection.php(421): CodeIgniter\Database\MySQLi\Connection->connect(false)
#2 /home2/usoabumg/public_html/oruro.site/system/Database/BaseConnection.php(614): CodeIgniter\Database\BaseConnection->initialize()
#3 /home2/usoabumg/public_html/oruro.site/system/Database/BaseBuilder.php(1637): CodeIgniter\Database\BaseConnection->query('SELECT *\nFROM `...', Array, false)
#4 /home2/usoabumg/public_html/oruro.site/system/Model.php(286): CodeIgniter\Database\BaseBuilder->get()
#5 /home2/usoabumg/public_html/oruro.site/system/BaseModel.php(676): CodeIgniter\Model->doFindAll(0, 0)
#6 /home2/usoabumg/public_html/oruro.site/app/Models/ItemsOrdenModel.php(33): CodeIgniter\BaseModel->findAll()
#7 /home2/usoabumg/public_html/oruro.site/app/Controllers/ItemsOrden.php(83): App\Models\ItemsOrdenModel->verificaDuplicidad('175', '54')
#8 /home2/usoabumg/public_html/oruro.site/system/CodeIgniter.php(933): App\Controllers\ItemsOrden->addProducto()
#9 /home2/usoabumg/public_html/oruro.site/system/CodeIgniter.php(509): CodeIgniter\CodeIgniter->runController(Object(App\Controllers\ItemsOrden))
#10 /home2/usoabumg/public_html/oruro.site/system/CodeIgniter.php(355): CodeIgniter\CodeIgniter->handleRequest(NULL, Object(Config\Cache), false)
#11 /home2/usoabumg/public_html/oruro.site/system/Boot.php(325): CodeIgniter\CodeIgniter->run()
#12 /home2/usoabumg/public_html/oruro.site/system/Boot.php(67): CodeIgniter\Boot::runCodeIgniter(Object(CodeIgniter\CodeIgniter))
#13 /home2/usoabumg/public_html/oruro.site/public/index.php(56): CodeIgniter\Boot::bootWeb(Object(Config\Paths))
#14 {main}

Next CodeIgniter\Database\Exceptions\DatabaseException: Connection refused in /home2/usoabumg/public_html/oruro.site/system/Database/MySQLi/Connection.php:231
Stack trace:
#0 /home2/usoabumg/public_html/oruro.site/system/Database/BaseConnection.php(421): CodeIgniter\Database\MySQLi\Connection->connect(false)
#1 /home2/usoabumg/public_html/oruro.site/system/Database/BaseConnection.php(614): CodeIgniter\Database\BaseConnection->initialize()
#2 /home2/usoabumg/public_html/oruro.site/system/Database/BaseBuilder.php(1637): CodeIgniter\Database\BaseConnection->query('SELECT *\nFROM `...', Array, false)
#3 /home2/usoabumg/public_html/oruro.site/system/Model.php(286): CodeIgniter\Database\BaseBuilder->get()
#4 /home2/usoabumg/public_html/oruro.site/system/BaseModel.php(676): CodeIgniter\Model->doFindAll(0, 0)
#5 /home2/usoabumg/public_html/oruro.site/app/Models/ItemsOrdenModel.php(33): CodeIgniter\BaseModel->findAll()
#6 /home2/usoabumg/public_html/oruro.site/app/Controllers/ItemsOrden.php(83): App\Models\ItemsOrdenModel->verificaDuplicidad('175', '54')
#7 /home2/usoabumg/public_html/oruro.site/system/CodeIgniter.php(933): App\Controllers\ItemsOrden->addProducto()
#8 /home2/usoabumg/public_html/oruro.site/system/CodeIgniter.php(509): CodeIgniter\CodeIgniter->runController(Object(App\Controllers\ItemsOrden))
#9 /home2/usoabumg/public_html/oruro.site/system/CodeIgniter.php(355): CodeIgniter\CodeIgniter->handleRequest(NULL, Object(Config\Cache), false)
#10 /home2/usoabumg/public_html/oruro.site/system/Boot.php(325): CodeIgniter\CodeIgniter->run()
#11 /home2/usoabumg/public_html/oruro.site/system/Boot.php(67): CodeIgniter\Boot::runCodeIgniter(Object(CodeIgniter\CodeIgniter))
#12 /home2/usoabumg/public_html/oruro.site/public/index.php(56): CodeIgniter\Boot::bootWeb(Object(Config\Paths))
#13 {main}
CRITICAL - 2025-05-12 12:20:06 --> CodeIgniter\Database\Exceptions\DatabaseException: Unable to connect to the database.
Main connection [MySQLi]: Connection refused
[Method: POST, Route: items_orden_cargar/add_producto]
in SYSTEMPATH/Database/BaseConnection.php on line 467.
 1 SYSTEMPATH/Database/BaseConnection.php(614): CodeIgniter\Database\BaseConnection->initialize()
 2 SYSTEMPATH/Database/BaseBuilder.php(1637): CodeIgniter\Database\BaseConnection->query('SELECT *
FROM `items_orden`
WHERE `id_orden` = :id_orden:
AND `id_producto` = :id_producto:', [...], false)
 3 SYSTEMPATH/Model.php(286): CodeIgniter\Database\BaseBuilder->get()
 4 SYSTEMPATH/BaseModel.php(676): CodeIgniter\Model->doFindAll(0, 0)
 5 APPPATH/Models/ItemsOrdenModel.php(33): CodeIgniter\BaseModel->findAll()
 6 APPPATH/Controllers/ItemsOrden.php(83): App\Models\ItemsOrdenModel->verificaDuplicidad('175', '54')
 7 SYSTEMPATH/CodeIgniter.php(933): App\Controllers\ItemsOrden->addProducto()
 8 SYSTEMPATH/CodeIgniter.php(509): CodeIgniter\CodeIgniter->runController(Object(App\Controllers\ItemsOrden))
 9 SYSTEMPATH/CodeIgniter.php(355): CodeIgniter\CodeIgniter->handleRequest(null, Object(Config\Cache), false)
10 SYSTEMPATH/Boot.php(325): CodeIgniter\CodeIgniter->run()
11 SYSTEMPATH/Boot.php(67): CodeIgniter\Boot::runCodeIgniter(Object(CodeIgniter\CodeIgniter))
12 FCPATH/index.php(56): CodeIgniter\Boot::bootWeb(Object(Config\Paths))
ERROR - 2025-05-12 12:20:06 --> Error connecting to the database: mysqli_sql_exception: Connection refused in /home2/usoabumg/public_html/oruro.site/system/Database/MySQLi/Connection.php:187
Stack trace:
#0 /home2/usoabumg/public_html/oruro.site/system/Database/MySQLi/Connection.php(187): mysqli->real_connect('localhost', 'usoabumg_gador_...', 'T@8^v7Xfc-1K', 'usoabumg_gador_...', 3306, '', 0)
#1 /home2/usoabumg/public_html/oruro.site/system/Database/BaseConnection.php(421): CodeIgniter\Database\MySQLi\Connection->connect(false)
#2 /home2/usoabumg/public_html/oruro.site/system/Database/BaseConnection.php(614): CodeIgniter\Database\BaseConnection->initialize()
#3 /home2/usoabumg/public_html/oruro.site/system/Database/BaseBuilder.php(1637): CodeIgniter\Database\BaseConnection->query('SELECT *\nFROM `...', Array, false)
#4 /home2/usoabumg/public_html/oruro.site/system/Model.php(286): CodeIgniter\Database\BaseBuilder->get()
#5 /home2/usoabumg/public_html/oruro.site/system/BaseModel.php(676): CodeIgniter\Model->doFindAll(0, 0)
#6 /home2/usoabumg/public_html/oruro.site/app/Models/ItemsOrdenModel.php(33): CodeIgniter\BaseModel->findAll()
#7 /home2/usoabumg/public_html/oruro.site/app/Controllers/ItemsOrden.php(83): App\Models\ItemsOrdenModel->verificaDuplicidad('175', '54')
#8 /home2/usoabumg/public_html/oruro.site/system/CodeIgniter.php(933): App\Controllers\ItemsOrden->addProducto()
#9 /home2/usoabumg/public_html/oruro.site/system/CodeIgniter.php(509): CodeIgniter\CodeIgniter->runController(Object(App\Controllers\ItemsOrden))
#10 /home2/usoabumg/public_html/oruro.site/system/CodeIgniter.php(355): CodeIgniter\CodeIgniter->handleRequest(NULL, Object(Config\Cache), false)
#11 /home2/usoabumg/public_html/oruro.site/system/Boot.php(325): CodeIgniter\CodeIgniter->run()
#12 /home2/usoabumg/public_html/oruro.site/system/Boot.php(67): CodeIgniter\Boot::runCodeIgniter(Object(CodeIgniter\CodeIgniter))
#13 /home2/usoabumg/public_html/oruro.site/public/index.php(56): CodeIgniter\Boot::bootWeb(Object(Config\Paths))
#14 {main}

Next CodeIgniter\Database\Exceptions\DatabaseException: Connection refused in /home2/usoabumg/public_html/oruro.site/system/Database/MySQLi/Connection.php:231
Stack trace:
#0 /home2/usoabumg/public_html/oruro.site/system/Database/BaseConnection.php(421): CodeIgniter\Database\MySQLi\Connection->connect(false)
#1 /home2/usoabumg/public_html/oruro.site/system/Database/BaseConnection.php(614): CodeIgniter\Database\BaseConnection->initialize()
#2 /home2/usoabumg/public_html/oruro.site/system/Database/BaseBuilder.php(1637): CodeIgniter\Database\BaseConnection->query('SELECT *\nFROM `...', Array, false)
#3 /home2/usoabumg/public_html/oruro.site/system/Model.php(286): CodeIgniter\Database\BaseBuilder->get()
#4 /home2/usoabumg/public_html/oruro.site/system/BaseModel.php(676): CodeIgniter\Model->doFindAll(0, 0)
#5 /home2/usoabumg/public_html/oruro.site/app/Models/ItemsOrdenModel.php(33): CodeIgniter\BaseModel->findAll()
#6 /home2/usoabumg/public_html/oruro.site/app/Controllers/ItemsOrden.php(83): App\Models\ItemsOrdenModel->verificaDuplicidad('175', '54')
#7 /home2/usoabumg/public_html/oruro.site/system/CodeIgniter.php(933): App\Controllers\ItemsOrden->addProducto()
#8 /home2/usoabumg/public_html/oruro.site/system/CodeIgniter.php(509): CodeIgniter\CodeIgniter->runController(Object(App\Controllers\ItemsOrden))
#9 /home2/usoabumg/public_html/oruro.site/system/CodeIgniter.php(355): CodeIgniter\CodeIgniter->handleRequest(NULL, Object(Config\Cache), false)
#10 /home2/usoabumg/public_html/oruro.site/system/Boot.php(325): CodeIgniter\CodeIgniter->run()
#11 /home2/usoabumg/public_html/oruro.site/system/Boot.php(67): CodeIgniter\Boot::runCodeIgniter(Object(CodeIgniter\CodeIgniter))
#12 /home2/usoabumg/public_html/oruro.site/public/index.php(56): CodeIgniter\Boot::bootWeb(Object(Config\Paths))
#13 {main}
CRITICAL - 2025-05-12 12:20:06 --> CodeIgniter\Database\Exceptions\DatabaseException: Unable to connect to the database.
Main connection [MySQLi]: Connection refused
[Method: POST, Route: items_orden_cargar/add_producto]
in SYSTEMPATH/Database/BaseConnection.php on line 467.
 1 SYSTEMPATH/Database/BaseConnection.php(614): CodeIgniter\Database\BaseConnection->initialize()
 2 SYSTEMPATH/Database/BaseBuilder.php(1637): CodeIgniter\Database\BaseConnection->query('SELECT *
FROM `items_orden`
WHERE `id_orden` = :id_orden:
AND `id_producto` = :id_producto:', [...], false)
 3 SYSTEMPATH/Model.php(286): CodeIgniter\Database\BaseBuilder->get()
 4 SYSTEMPATH/BaseModel.php(676): CodeIgniter\Model->doFindAll(0, 0)
 5 APPPATH/Models/ItemsOrdenModel.php(33): CodeIgniter\BaseModel->findAll()
 6 APPPATH/Controllers/ItemsOrden.php(83): App\Models\ItemsOrdenModel->verificaDuplicidad('175', '54')
 7 SYSTEMPATH/CodeIgniter.php(933): App\Controllers\ItemsOrden->addProducto()
 8 SYSTEMPATH/CodeIgniter.php(509): CodeIgniter\CodeIgniter->runController(Object(App\Controllers\ItemsOrden))
 9 SYSTEMPATH/CodeIgniter.php(355): CodeIgniter\CodeIgniter->handleRequest(null, Object(Config\Cache), false)
10 SYSTEMPATH/Boot.php(325): CodeIgniter\CodeIgniter->run()
11 SYSTEMPATH/Boot.php(67): CodeIgniter\Boot::runCodeIgniter(Object(CodeIgniter\CodeIgniter))
12 FCPATH/index.php(56): CodeIgniter\Boot::bootWeb(Object(Config\Paths))
CRITICAL - 2025-05-12 14:43:51 --> ErrorException: Trying to access array offset on value of type null
[Method: GET, Route: bodega]
in APPPATH/Controllers/Bodega.php on line 11.
 1 APPPATH/Controllers/Bodega.php(11): CodeIgniter\Debug\Exceptions->errorHandler(2, 'Trying to access array offset on value of type null', '/home2/usoabumg/public_html/oruro.site/app/Controllers/Bodega.php', 11)
 2 SYSTEMPATH/CodeIgniter.php(903): App\Controllers\Bodega->__construct()
 3 SYSTEMPATH/CodeIgniter.php(500): CodeIgniter\CodeIgniter->createController()
 4 SYSTEMPATH/CodeIgniter.php(355): CodeIgniter\CodeIgniter->handleRequest(null, Object(Config\Cache), false)
 5 SYSTEMPATH/Boot.php(325): CodeIgniter\CodeIgniter->run()
 6 SYSTEMPATH/Boot.php(67): CodeIgniter\Boot::runCodeIgniter(Object(CodeIgniter\CodeIgniter))
 7 FCPATH/index.php(56): CodeIgniter\Boot::bootWeb(Object(Config\Paths))
CRITICAL - 2025-05-12 14:51:23 --> Error: Class "Config\Database" not found
[Method: GET, Route: items_orden/175]
in SYSTEMPATH/Model.php on line 155.
 1 APPPATH/Controllers/ItemsOrden.php(28): CodeIgniter\Model->__construct()
 2 SYSTEMPATH/CodeIgniter.php(933): App\Controllers\ItemsOrden->index('175')
 3 SYSTEMPATH/CodeIgniter.php(509): CodeIgniter\CodeIgniter->runController(Object(App\Controllers\ItemsOrden))
 4 SYSTEMPATH/CodeIgniter.php(355): CodeIgniter\CodeIgniter->handleRequest(null, Object(Config\Cache), false)
 5 SYSTEMPATH/Boot.php(325): CodeIgniter\CodeIgniter->run()
 6 SYSTEMPATH/Boot.php(67): CodeIgniter\Boot::runCodeIgniter(Object(CodeIgniter\CodeIgniter))
 7 FCPATH/index.php(56): CodeIgniter\Boot::bootWeb(Object(Config\Paths))
CRITICAL - 2025-05-12 16:16:25 --> ErrorException: Trying to access array offset on value of type null
[Method: GET, Route: bodega]
in APPPATH/Controllers/Bodega.php on line 11.
 1 APPPATH/Controllers/Bodega.php(11): CodeIgniter\Debug\Exceptions->errorHandler(2, 'Trying to access array offset on value of type null', '/home2/usoabumg/public_html/oruro.site/app/Controllers/Bodega.php', 11)
 2 SYSTEMPATH/CodeIgniter.php(903): App\Controllers\Bodega->__construct()
 3 SYSTEMPATH/CodeIgniter.php(500): CodeIgniter\CodeIgniter->createController()
 4 SYSTEMPATH/CodeIgniter.php(355): CodeIgniter\CodeIgniter->handleRequest(null, Object(Config\Cache), false)
 5 SYSTEMPATH/Boot.php(325): CodeIgniter\CodeIgniter->run()
 6 SYSTEMPATH/Boot.php(67): CodeIgniter\Boot::runCodeIgniter(Object(CodeIgniter\CodeIgniter))
 7 FCPATH/index.php(56): CodeIgniter\Boot::bootWeb(Object(Config\Paths))
CRITICAL - 2025-05-12 16:16:26 --> ErrorException: Trying to access array offset on value of type null
[Method: GET, Route: bodega]
in APPPATH/Controllers/Bodega.php on line 11.
 1 APPPATH/Controllers/Bodega.php(11): CodeIgniter\Debug\Exceptions->errorHandler(2, 'Trying to access array offset on value of type null', '/home2/usoabumg/public_html/oruro.site/app/Controllers/Bodega.php', 11)
 2 SYSTEMPATH/CodeIgniter.php(903): App\Controllers\Bodega->__construct()
 3 SYSTEMPATH/CodeIgniter.php(500): CodeIgniter\CodeIgniter->createController()
 4 SYSTEMPATH/CodeIgniter.php(355): CodeIgniter\CodeIgniter->handleRequest(null, Object(Config\Cache), false)
 5 SYSTEMPATH/Boot.php(325): CodeIgniter\CodeIgniter->run()
 6 SYSTEMPATH/Boot.php(67): CodeIgniter\Boot::runCodeIgniter(Object(CodeIgniter\CodeIgniter))
 7 FCPATH/index.php(56): CodeIgniter\Boot::bootWeb(Object(Config\Paths))
CRITICAL - 2025-05-12 16:16:26 --> ErrorException: Trying to access array offset on value of type null
[Method: GET, Route: bodega]
in APPPATH/Controllers/Bodega.php on line 11.
 1 APPPATH/Controllers/Bodega.php(11): CodeIgniter\Debug\Exceptions->errorHandler(2, 'Trying to access array offset on value of type null', '/home2/usoabumg/public_html/oruro.site/app/Controllers/Bodega.php', 11)
 2 SYSTEMPATH/CodeIgniter.php(903): App\Controllers\Bodega->__construct()
 3 SYSTEMPATH/CodeIgniter.php(500): CodeIgniter\CodeIgniter->createController()
 4 SYSTEMPATH/CodeIgniter.php(355): CodeIgniter\CodeIgniter->handleRequest(null, Object(Config\Cache), false)
 5 SYSTEMPATH/Boot.php(325): CodeIgniter\CodeIgniter->run()
 6 SYSTEMPATH/Boot.php(67): CodeIgniter\Boot::runCodeIgniter(Object(CodeIgniter\CodeIgniter))
 7 FCPATH/index.php(56): CodeIgniter\Boot::bootWeb(Object(Config\Paths))
CRITICAL - 2025-05-12 16:25:04 --> ErrorException: Trying to access array offset on value of type null
[Method: GET, Route: bodega]
in APPPATH/Controllers/Bodega.php on line 11.
 1 APPPATH/Controllers/Bodega.php(11): CodeIgniter\Debug\Exceptions->errorHandler(2, 'Trying to access array offset on value of type null', '/home2/usoabumg/public_html/oruro.site/app/Controllers/Bodega.php', 11)
 2 SYSTEMPATH/CodeIgniter.php(903): App\Controllers\Bodega->__construct()
 3 SYSTEMPATH/CodeIgniter.php(500): CodeIgniter\CodeIgniter->createController()
 4 SYSTEMPATH/CodeIgniter.php(355): CodeIgniter\CodeIgniter->handleRequest(null, Object(Config\Cache), false)
 5 SYSTEMPATH/Boot.php(325): CodeIgniter\CodeIgniter->run()
 6 SYSTEMPATH/Boot.php(67): CodeIgniter\Boot::runCodeIgniter(Object(CodeIgniter\CodeIgniter))
 7 FCPATH/index.php(56): CodeIgniter\Boot::bootWeb(Object(Config\Paths))
CRITICAL - 2025-05-12 16:25:09 --> ErrorException: Trying to access array offset on value of type null
[Method: GET, Route: bodega]
in APPPATH/Controllers/Bodega.php on line 11.
 1 APPPATH/Controllers/Bodega.php(11): CodeIgniter\Debug\Exceptions->errorHandler(2, 'Trying to access array offset on value of type null', '/home2/usoabumg/public_html/oruro.site/app/Controllers/Bodega.php', 11)
 2 SYSTEMPATH/CodeIgniter.php(903): App\Controllers\Bodega->__construct()
 3 SYSTEMPATH/CodeIgniter.php(500): CodeIgniter\CodeIgniter->createController()
 4 SYSTEMPATH/CodeIgniter.php(355): CodeIgniter\CodeIgniter->handleRequest(null, Object(Config\Cache), false)
 5 SYSTEMPATH/Boot.php(325): CodeIgniter\CodeIgniter->run()
 6 SYSTEMPATH/Boot.php(67): CodeIgniter\Boot::runCodeIgniter(Object(CodeIgniter\CodeIgniter))
 7 FCPATH/index.php(56): CodeIgniter\Boot::bootWeb(Object(Config\Paths))
